// Jest Snapshot v1, https://goo.gl/fbAQLP

exports[`LS.Components Home Container should render without crashing 1`] = `Object {}`;
