// Jest Snapshot v1, https://goo.gl/fbAQLP

exports[`<Page404 /> should render as expected, without crashing 1`] = `
ShallowWrapper {
  Symbol(enzyme.__root__): [Circular],
  Symbol(enzyme.__unrendered__): <Page404 />,
  Symbol(enzyme.__renderer__): Object {
    "batchedUpdates": [Function],
    "getNode": [Function],
    "render": [Function],
    "simulateError": [Function],
    "simulateEvent": [Function],
    "unmount": [Function],
  },
  Symbol(enzyme.__node__): Object {
    "instance": null,
    "key": undefined,
    "nodeType": "host",
    "props": Object {
      "children": Array [
        <div
          className="error-page__404"
        >
          404
        </div>,
        <div
          className="error-page__main-msg"
        >
          <Subscribe
            text="This page does not exist."
          />
        </div>,
        <div
          className="error-page__description"
        >
          <Subscribe
            text="The page you're looking for has either been deleted or never existed."
          />
          <br />
          <Subscribe
            text="We apologise for any inconvenience."
          />
        </div>,
        <div
          className="error-page__button"
        >
          <Link
            className="error-page__home-button"
            replace={false}
            to="/"
          >
            <Subscribe
              text="Go back to home"
            />
          </Link>
        </div>,
      ],
      "className": "error-page",
    },
    "ref": null,
    "rendered": Array [
      Object {
        "instance": null,
        "key": undefined,
        "nodeType": "host",
        "props": Object {
          "children": "404",
          "className": "error-page__404",
        },
        "ref": null,
        "rendered": "404",
        "type": "div",
      },
      Object {
        "instance": null,
        "key": undefined,
        "nodeType": "host",
        "props": Object {
          "children": <Subscribe
            text="This page does not exist."
          />,
          "className": "error-page__main-msg",
        },
        "ref": null,
        "rendered": Object {
          "instance": null,
          "key": undefined,
          "nodeType": "class",
          "props": Object {
            "text": "This page does not exist.",
          },
          "ref": null,
          "rendered": null,
          "type": [Function],
        },
        "type": "div",
      },
      Object {
        "instance": null,
        "key": undefined,
        "nodeType": "host",
        "props": Object {
          "children": Array [
            <Subscribe
              text="The page you're looking for has either been deleted or never existed."
            />,
            <br />,
            <Subscribe
              text="We apologise for any inconvenience."
            />,
          ],
          "className": "error-page__description",
        },
        "ref": null,
        "rendered": Array [
          Object {
            "instance": null,
            "key": undefined,
            "nodeType": "class",
            "props": Object {
              "text": "The page you're looking for has either been deleted or never existed.",
            },
            "ref": null,
            "rendered": null,
            "type": [Function],
          },
          Object {
            "instance": null,
            "key": undefined,
            "nodeType": "host",
            "props": Object {},
            "ref": null,
            "rendered": null,
            "type": "br",
          },
          Object {
            "instance": null,
            "key": undefined,
            "nodeType": "class",
            "props": Object {
              "text": "We apologise for any inconvenience.",
            },
            "ref": null,
            "rendered": null,
            "type": [Function],
          },
        ],
        "type": "div",
      },
      Object {
        "instance": null,
        "key": undefined,
        "nodeType": "host",
        "props": Object {
          "children": <Link
            className="error-page__home-button"
            replace={false}
            to="/"
          >
            <Subscribe
              text="Go back to home"
            />
          </Link>,
          "className": "error-page__button",
        },
        "ref": null,
        "rendered": Object {
          "instance": null,
          "key": undefined,
          "nodeType": "class",
          "props": Object {
            "children": <Subscribe
              text="Go back to home"
            />,
            "className": "error-page__home-button",
            "replace": false,
            "to": "/",
          },
          "ref": null,
          "rendered": Object {
            "instance": null,
            "key": undefined,
            "nodeType": "class",
            "props": Object {
              "text": "Go back to home",
            },
            "ref": null,
            "rendered": null,
            "type": [Function],
          },
          "type": [Function],
        },
        "type": "div",
      },
    ],
    "type": "div",
  },
  Symbol(enzyme.__nodes__): Array [
    Object {
      "instance": null,
      "key": undefined,
      "nodeType": "host",
      "props": Object {
        "children": Array [
          <div
            className="error-page__404"
          >
            404
          </div>,
          <div
            className="error-page__main-msg"
          >
            <Subscribe
              text="This page does not exist."
            />
          </div>,
          <div
            className="error-page__description"
          >
            <Subscribe
              text="The page you're looking for has either been deleted or never existed."
            />
            <br />
            <Subscribe
              text="We apologise for any inconvenience."
            />
          </div>,
          <div
            className="error-page__button"
          >
            <Link
              className="error-page__home-button"
              replace={false}
              to="/"
            >
              <Subscribe
                text="Go back to home"
              />
            </Link>
          </div>,
        ],
        "className": "error-page",
      },
      "ref": null,
      "rendered": Array [
        Object {
          "instance": null,
          "key": undefined,
          "nodeType": "host",
          "props": Object {
            "children": "404",
            "className": "error-page__404",
          },
          "ref": null,
          "rendered": "404",
          "type": "div",
        },
        Object {
          "instance": null,
          "key": undefined,
          "nodeType": "host",
          "props": Object {
            "children": <Subscribe
              text="This page does not exist."
            />,
            "className": "error-page__main-msg",
          },
          "ref": null,
          "rendered": Object {
            "instance": null,
            "key": undefined,
            "nodeType": "class",
            "props": Object {
              "text": "This page does not exist.",
            },
            "ref": null,
            "rendered": null,
            "type": [Function],
          },
          "type": "div",
        },
        Object {
          "instance": null,
          "key": undefined,
          "nodeType": "host",
          "props": Object {
            "children": Array [
              <Subscribe
                text="The page you're looking for has either been deleted or never existed."
              />,
              <br />,
              <Subscribe
                text="We apologise for any inconvenience."
              />,
            ],
            "className": "error-page__description",
          },
          "ref": null,
          "rendered": Array [
            Object {
              "instance": null,
              "key": undefined,
              "nodeType": "class",
              "props": Object {
                "text": "The page you're looking for has either been deleted or never existed.",
              },
              "ref": null,
              "rendered": null,
              "type": [Function],
            },
            Object {
              "instance": null,
              "key": undefined,
              "nodeType": "host",
              "props": Object {},
              "ref": null,
              "rendered": null,
              "type": "br",
            },
            Object {
              "instance": null,
              "key": undefined,
              "nodeType": "class",
              "props": Object {
                "text": "We apologise for any inconvenience.",
              },
              "ref": null,
              "rendered": null,
              "type": [Function],
            },
          ],
          "type": "div",
        },
        Object {
          "instance": null,
          "key": undefined,
          "nodeType": "host",
          "props": Object {
            "children": <Link
              className="error-page__home-button"
              replace={false}
              to="/"
            >
              <Subscribe
                text="Go back to home"
              />
            </Link>,
            "className": "error-page__button",
          },
          "ref": null,
          "rendered": Object {
            "instance": null,
            "key": undefined,
            "nodeType": "class",
            "props": Object {
              "children": <Subscribe
                text="Go back to home"
              />,
              "className": "error-page__home-button",
              "replace": false,
              "to": "/",
            },
            "ref": null,
            "rendered": Object {
              "instance": null,
              "key": undefined,
              "nodeType": "class",
              "props": Object {
                "text": "Go back to home",
              },
              "ref": null,
              "rendered": null,
              "type": [Function],
            },
            "type": [Function],
          },
          "type": "div",
        },
      ],
      "type": "div",
    },
  ],
  Symbol(enzyme.__options__): Object {
    "adapter": ReactSixteenAdapter {
      "options": Object {
        "enableComponentDidUpdateOnSetState": true,
        "lifecycles": Object {
          "componentDidUpdate": Object {
            "onSetState": true,
          },
          "getDerivedStateFromProps": true,
          "getSnapshotBeforeUpdate": true,
          "setState": Object {
            "skipsComponentDidUpdateOnNullish": true,
          },
        },
      },
    },
  },
}
`;
